error[E0533]: expected value, found struct variant `Self::DivisionByZero`
 --> $OUT_DIR[uniffi_uitests]/errors.uniffi.rs
  |
  | #[::uniffi::udl_derive(Error)]
  | ^^^^^^^^^^^^^^^^^^^^^^^^^^^^^^ not a value
  |
  = note: this error originates in the attribute macro `::uniffi::udl_derive` (in Nightly builds, run with -Z macro-backtrace for more info)
